
[TestPrinter/multiple_define:vars_on_style - 1]
## Input

```
<style define:vars={{color:'green'}}>h1{color:var(--color)}</style><style define:vars={{color:'red'}}>h2{color:var(--color)}</style><h1>foo</h1><h2>bar</h2>
```

## Output

```js
import {
  Fragment,
  render as $$render,
  createAstro as $$createAstro,
  createComponent as $$createComponent,
  renderComponent as $$renderComponent,
  renderHead as $$renderHead,
  maybeRenderHead as $$maybeRenderHead,
  unescapeHTML as $$unescapeHTML,
  renderSlot as $$renderSlot,
  mergeSlots as $$mergeSlots,
  addAttribute as $$addAttribute,
  spreadAttributes as $$spreadAttributes,
  defineStyleVars as $$defineStyleVars,
  defineScriptVars as $$defineScriptVars,
  renderTransition as $$renderTransition,
  createTransitionScope as $$createTransitionScope,
  renderScript as $$renderScript,
  createMetadata as $$createMetadata
} from "http://localhost:3000/";

export const $$metadata = $$createMetadata(import.meta.url, { modules: [], hydratedComponents: [], clientOnlyComponents: [], hydrationDirectives: new Set([]), hoisted: [] });

const $$Component = $$createComponent(($$result, $$props, $$slots) => {

const $$definedVars = $$defineStyleVars([{color:'green'},{color:'red'}]);
return $$render`${$$maybeRenderHead($$result)}<h1 class="astro-6oxbqcst"${$$addAttribute($$definedVars, "style")}>foo</h1><h2 class="astro-6oxbqcst"${$$addAttribute($$definedVars, "style")}>bar</h2>`;
}, undefined, undefined);
export default $$Component;
```
---
