
[TestPrintToJSON/element_with_unterminated_template_literal_attribute - 1]
## Input

```
<main id=`gotcha />
```

## Output

```json
{"type":"root","children":[{"type":"element","name":"main","attributes":[{"type":"attribute","kind":"template-literal","name":"id","value":"gotcha","raw":"`gotcha"}],"children":[]}]}
```
---
