
[TestPrintToJSON/Preserve_namespaces - 1]
## Input

```
<svg xmlns="http://www.w3.org/2000/svg" xmlns:xlink="http://www.w3.org/1999/xlink"><rect xlink:href="#id"></svg>
```

## Output

```json
{"type":"root","children":[{"type":"element","name":"svg","attributes":[{"type":"attribute","kind":"quoted","name":"xmlns","value":"http://www.w3.org/2000/svg","raw":"\"http://www.w3.org/2000/svg\""},{"type":"attribute","kind":"quoted","name":"xmlns:xlink","value":"http://www.w3.org/1999/xlink","raw":"\"http://www.w3.org/1999/xlink\""}],"children":[{"type":"element","name":"rect","attributes":[{"type":"attribute","kind":"quoted","name":"xlink:href","value":"#id","raw":"\"#id\""}],"children":[]}]}]}
```
---
