
[TestPrintToJSON/style_in_body - 1]
## Input

```
<html><body><h1>Hello world!</h1><style></style></body></html>
```

## Output

```json
{"type":"root","children":[{"type":"element","name":"html","attributes":[],"children":[{"type":"element","name":"body","attributes":[],"children":[{"type":"element","name":"h1","attributes":[],"children":[{"type":"text","value":"Hello world!"}]},{"type":"element","name":"style","attributes":[],"children":[]}]}]}]}
```
---
