
[TestPrinter/styles_(no_frontmatter) - 1]
## Input

```
<style>
          .title {
            font-family: fantasy;
            font-size: 28px;
          }

          .body {
            font-size: 1em;
          }
        </style>

        <h1 class="title">Page Title</h1>
        <p class="body">I’m a page</p>
```

## Output

```js
import {
  Fragment,
  render as $$render,
  createAstro as $$createAstro,
  createComponent as $$createComponent,
  renderComponent as $$renderComponent,
  renderHead as $$renderHead,
  maybeRenderHead as $$maybeRenderHead,
  unescapeHTML as $$unescapeHTML,
  renderSlot as $$renderSlot,
  mergeSlots as $$mergeSlots,
  addAttribute as $$addAttribute,
  spreadAttributes as $$spreadAttributes,
  defineStyleVars as $$defineStyleVars,
  defineScriptVars as $$defineScriptVars,
  renderTransition as $$renderTransition,
  createTransitionScope as $$createTransitionScope,
  renderScript as $$renderScript,
  createMetadata as $$createMetadata
} from "http://localhost:3000/";

export const $$metadata = $$createMetadata(import.meta.url, { modules: [], hydratedComponents: [], clientOnlyComponents: [], hydrationDirectives: new Set([]), hoisted: [] });

const $$Component = $$createComponent(($$result, $$props, $$slots) => {

return $$render`

        ${$$maybeRenderHead($$result)}<h1 class="title astro-dpohflym">Page Title</h1>
        <p class="body astro-dpohflym">I’m a page</p>`;
}, undefined, undefined);
export default $$Component;
```
---
