---
source: crates/astro_codegen/tests/snapshots.rs
input_file: crates/astro_codegen/tests/fixtures/client_only_component__namespace_.astro
---
import { Fragment, render as $$render, createAstro as $$createAstro, createComponent as $$createComponent, renderComponent as $$renderComponent, renderHead as $$renderHead, maybeRenderHead as $$maybeRenderHead, unescapeHTML as $$unescapeHTML, renderSlot as $$renderSlot, mergeSlots as $$mergeSlots, addAttribute as $$addAttribute, spreadAttributes as $$spreadAttributes, defineStyleVars as $$defineStyleVars, defineScriptVars as $$defineScriptVars, renderTransition as $$renderTransition, createTransitionScope as $$createTransitionScope, renderScript as $$renderScript, createMetadata as $$createMetadata } from "http://localhost:3000/";
export const $$metadata = $$createMetadata(import.meta.url, {
	modules: [],
	hydratedComponents: [],
	clientOnlyComponents: ["../components"],
	hydrationDirectives: new Set(["only"]),
	hoisted: []
});
const $$Component = $$createComponent(($$result, $$props, $$slots) => {
	return $$render`<html>
  <head>
    <title>Hello world</title>
  ${$$renderHead($$result)}</head>
  <body>
    ${$$renderComponent($$result, "components.A", null, {
		"client:only": true,
		"client:component-hydration": "only",
		"client:component-path": $$metadata.resolvePath("../components"),
		"client:component-export": "A"
	})}
  </body>
</html>`;
}, undefined, undefined);
export default $$Component;
