
[TestPrinterCSS/scopedStyleStrategy:_'class' - 1]
## Input

```
<style>
          .title {
            font-family: fantasy;
            font-size: 28px;
          }

          .body {
            font-size: 1em;
          }
        </style>

        <h1 class="title">Page Title</h1>
        <p class="body">I’m a page</p>
```

## Output

```css
.title.astro-dpohflym{font-family:fantasy;font-size:28px}.body.astro-dpohflym{font-size:1em}
```
---
